// Jest Snapshot v1, https://goo.gl/fbAQLP

exports[`serverInitialState() should initialize server state for a products list 1`] = `
Object {
  "entities": Object {
    "facets": Object {
      "categories_144307": Object {
        "_isActive": false,
        "_isDisabled": false,
        "count": 13,
        "description": "Women",
        "groupsOn": 0,
        "id": "categories_144307",
        "parentId": "categories_0",
        "slug": "women",
        "url": "women",
        "value": 144307,
        "valueUpperBound": 0,
      },
      "categories_144331": Object {
        "_isActive": false,
        "_isDisabled": false,
        "count": 2,
        "description": "Accessories",
        "groupsOn": 0,
        "id": "categories_144331",
        "parentId": "categories_144307",
        "slug": "women-accessories",
        "url": "women-accessories",
        "value": 144331,
        "valueUpperBound": 0,
      },
      "categories_144424": Object {
        "_isActive": false,
        "_isDisabled": false,
        "count": 1,
        "description": "Special Accessories",
        "groupsOn": 0,
        "id": "categories_144424",
        "parentId": "categories_144418",
        "slug": "women-specials-special-accessories",
        "url": "women-specials-special-accessories",
        "value": 144424,
        "valueUpperBound": 0,
      },
      "colors_1": Object {
        "_isActive": false,
        "_isDisabled": false,
        "count": 4,
        "description": "BLACK",
        "groupsOn": 0,
        "id": "colors_1",
        "parentId": "colors_0",
        "slug": null,
        "url": "?colors=1",
        "value": 1,
        "valueUpperBound": 0,
      },
      "pricetype_0": Object {
        "_isActive": false,
        "_isDisabled": false,
        "count": 13,
        "description": "FullPrice",
        "groupsOn": 0,
        "id": "pricetype_0",
        "parentId": "pricetype_0",
        "slug": "fullprice",
        "url": "fullprice",
        "value": 0,
        "valueUpperBound": 0,
      },
      "sizes_22_144307": Object {
        "_isActive": false,
        "_isDisabled": false,
        "count": 5,
        "description": "36",
        "groupsOn": 144307,
        "id": "sizes_22_144307",
        "parentId": "sizes_0",
        "slug": null,
        "url": "?sizes=22",
        "value": 22,
        "valueUpperBound": 0,
      },
    },
    "products": Object {
      "123": Object {
        "customAttributes": undefined,
        "groupedEntries": undefined,
        "id": 123,
        "images": undefined,
        "merchant": undefined,
        "price": Object {
          "discount": Object {
            "excludingTaxes": undefined,
            "includingTaxes": undefined,
            "rate": undefined,
          },
          "excludingTaxes": undefined,
          "formatted": Object {
            "includingTaxes": undefined,
            "includingTaxesWithoutDiscount": undefined,
          },
          "includingTaxes": undefined,
          "includingTaxesWithoutDiscount": undefined,
          "isFormatted": true,
          "priceType": undefined,
          "promotionType": undefined,
          "tags": undefined,
          "taxes": Object {
            "amount": undefined,
            "rate": undefined,
            "type": undefined,
          },
          "type": undefined,
        },
        "prices": undefined,
        "sizes": undefined,
        "tag": Object {
          "id": undefined,
          "name": undefined,
        },
        "variants": undefined,
      },
      "321": Object {
        "customAttributes": undefined,
        "groupedEntries": undefined,
        "id": 321,
        "images": undefined,
        "merchant": undefined,
        "price": Object {
          "discount": Object {
            "excludingTaxes": undefined,
            "includingTaxes": undefined,
            "rate": undefined,
          },
          "excludingTaxes": undefined,
          "formatted": Object {
            "includingTaxes": undefined,
            "includingTaxesWithoutDiscount": undefined,
          },
          "includingTaxes": undefined,
          "includingTaxesWithoutDiscount": undefined,
          "isFormatted": true,
          "priceType": undefined,
          "promotionType": undefined,
          "tags": undefined,
          "taxes": Object {
            "amount": undefined,
            "rate": undefined,
            "type": undefined,
          },
          "type": undefined,
        },
        "prices": undefined,
        "sizes": undefined,
        "tag": Object {
          "id": undefined,
          "name": undefined,
        },
        "variants": undefined,
      },
    },
    "productsLists": Object {
      "listing/woman?pageindex=1&sort=price&sortdirection=asc": Object {
        "breadCrumbs": Array [],
        "config": Object {
          "pageIndex": 1,
        },
        "didYouMean": undefined,
        "facetGroups": Array [
          Object {
            "_clearUrl": null,
            "_isClearHidden": false,
            "_isClosed": false,
            "deep": 1,
            "description": "Categories",
            "dynamic": 0,
            "format": "hierarchical",
            "key": "categories",
            "order": 0,
            "type": 6,
            "values": Array [
              Array [
                "categories_144307",
              ],
            ],
          },
          Object {
            "_clearUrl": null,
            "_isClearHidden": false,
            "_isClosed": false,
            "deep": 2,
            "description": "Categories",
            "dynamic": 0,
            "format": "hierarchical",
            "key": "categories",
            "order": 0,
            "type": 6,
            "values": Array [
              Array [
                "categories_144331",
              ],
            ],
          },
          Object {
            "_clearUrl": null,
            "_isClearHidden": false,
            "_isClosed": false,
            "deep": 3,
            "description": "Categories",
            "dynamic": 0,
            "format": "hierarchical",
            "key": "categories",
            "order": 0,
            "type": 6,
            "values": Array [
              Array [
                "categories_144424",
              ],
            ],
          },
          Object {
            "_clearUrl": null,
            "_isClearHidden": false,
            "_isClosed": false,
            "deep": 0,
            "description": "Colors",
            "dynamic": 0,
            "format": "multiple",
            "key": "colors",
            "order": 5,
            "type": 11,
            "values": Array [
              Array [
                "colors_1",
              ],
            ],
          },
          Object {
            "_clearUrl": null,
            "_isClearHidden": false,
            "_isClosed": false,
            "deep": 0,
            "description": "PriceType",
            "dynamic": 0,
            "format": "multiple",
            "key": "pricetype",
            "order": 6,
            "type": 14,
            "values": Array [
              Array [
                "pricetype_0",
              ],
            ],
          },
          Object {
            "_clearUrl": null,
            "_isClearHidden": false,
            "_isClosed": false,
            "deep": 0,
            "description": "Sizes",
            "dynamic": 0,
            "format": "multiple",
            "key": "sizes",
            "order": 4,
            "type": 9,
            "values": Array [
              Array [
                "sizes_22_144307",
              ],
            ],
          },
        ],
        "facetsBaseUrl": "/en-pt/shopping",
        "filterSegments": Array [
          Object {
            "deep": 1,
            "description": "Women",
            "facetId": "categories_144307",
            "fromQueryString": false,
            "gender": 0,
            "key": "categories",
            "negativeFilter": false,
            "order": 0,
            "parentId": 0,
            "slug": "women",
            "type": 6,
            "value": 144307,
            "valueUpperBound": 0,
          },
        ],
        "gender": 0,
        "genderName": "Woman",
        "hash": "listing/woman?pageindex=1&sort=price&sortdirection=asc",
        "id": 120198,
        "name": "New arrivals",
        "products": Object {
          "entries": Array [
            123,
            321,
          ],
          "totalItems": 193,
          "totalPages": 10,
        },
        "redirectInformation": null,
        "searchTerm": null,
        "slug": "/en-pt/shopping/woman?pageIndex=1&sort=price&sortDirection=asc",
      },
    },
  },
  "products": Object {
    "details": Object {
      "error": Object {},
      "isHydrated": Object {},
      "isLoading": Object {},
    },
    "lists": Object {
      "error": Object {},
      "hash": "listing/woman?pageindex=1&sort=price&sortdirection=asc",
      "isHydrated": Object {
        "listing/woman?pageindex=1&sort=price&sortdirection=asc": true,
      },
      "isLoading": Object {
        "listing/woman?pageindex=1&sort=price&sortdirection=asc": false,
      },
    },
    "sizes": Object {
      "error": Object {},
      "isLoading": Object {},
    },
  },
}
`;

exports[`serverInitialState() should initialize server state for products 1`] = `
Object {
  "entities": Object {
    "brands": Object {
      "1053": Object {
        "id": 1053,
      },
    },
    "categories": Object {
      "136301": Object {
        "id": 136301,
        "name": "Shoes",
      },
    },
    "products": Object {
      "11766695": Object {
        "attributes": Array [
          Object {
            "id": 7,
            "name": "Sleeve Length",
            "values": Array [
              Object {
                "id": 12,
                "value": "Longsleeved",
              },
            ],
          },
          Object {
            "id": 8,
            "name": "Neckline",
            "values": Array [
              Object {
                "id": 14,
                "value": "Round Neck",
              },
            ],
          },
        ],
        "brand": 1053,
        "breadCrumbs": Array [
          Object {
            "link": "shopping/woman",
            "parent": true,
            "slug": "woman",
            "text": "Woman",
          },
        ],
        "categories": Array [
          136301,
        ],
        "colorSet": Array [
          Object {
            "image": "",
            "name": "stadium-goods-spider-print-t-shirt",
            "productId": 14074682,
            "url": "/en-pt/shopping/-stadium-goods-spider-print-t-shirt-14074682",
          },
        ],
        "colorSwatch": null,
        "complementaryInformation": Array [
          Object {
            "title": "Designer",
            "value": "<p>Product designed by Chloé, originally from France.</p>",
          },
          Object {
            "title": "Care Information",
            "value": "<p>Wash the item in low temperatures.</p>",
          },
        ],
        "customAttributes": null,
        "description": "Luxury Italian",
        "gender": 0,
        "groupedEntries": undefined,
        "id": 11766695,
        "images": Array [
          Object {
            "order": 1,
            "size": "120",
            "sources": Object {
              "120": "https://cdn-images.farfetch-contents.com/services-unknown-x-east-stadium-goods-tri-band-hoodie_14074610_18494976_120.jpg",
            },
            "url": "https://cdn-images.farfetch-contents.com/services-unknown-x-east-stadium-goods-tri-band-hoodie_14074610_18494976_120.jpg",
          },
        ],
        "liveModel": Object {
          "id": 0,
        },
        "measurements": undefined,
        "merchant": undefined,
        "preferedMerchant": Object {
          "merchantId": 9359,
        },
        "price": Object {
          "discount": Object {
            "excludingTaxes": 100.8133,
            "includingTaxes": 124,
            "rate": 40,
          },
          "excludingTaxes": 151.22,
          "formatted": Object {
            "includingTaxes": "186,00 €",
            "includingTaxesWithoutDiscount": "310,00 €",
          },
          "includingTaxes": 186,
          "includingTaxesWithoutDiscount": 310,
          "isFormatted": true,
          "priceType": undefined,
          "promotionType": undefined,
          "tags": Array [
            "VAT",
          ],
          "taxes": Object {
            "amount": 34.78,
            "rate": 23,
            "type": "VAT",
          },
          "type": undefined,
        },
        "prices": undefined,
        "productRef": undefined,
        "productSize": undefined,
        "recommendedSet": 1050,
        "relatedSets": Array [],
        "scaleId": 117,
        "shortDescription": "Rockstud sling-back flats",
        "sizeSet": undefined,
        "sizes": Array [
          Object {
            "globalQuantity": 2,
            "id": 21,
            "isOneSize": false,
            "isOutOfStock": false,
            "name": "36",
            "scale": 206,
            "scaleAbbreviation": "IT",
            "scaleDescription": undefined,
            "stock": Array [
              Object {
                "barcodes": Array [
                  "2013323497172",
                ],
                "merchantId": 11554,
                "price": Object {
                  "formatted": Object {
                    "includingTaxes": "4 300 €",
                    "includingTaxesWithoutDiscount": "4 300 €",
                  },
                },
                "purchaseChannel": null,
                "quantity": 2,
              },
            ],
          },
        ],
        "slug": "rockstud-sling-back-flats-12854475",
        "tag": Object {
          "id": undefined,
          "name": undefined,
        },
        "variants": undefined,
      },
    },
  },
  "products": Object {
    "details": Object {
      "error": Object {},
      "isHydrated": Object {
        "11766695": true,
      },
      "isLoading": Object {
        "11766695": false,
      },
    },
    "lists": Object {
      "error": Object {},
      "hash": null,
      "isHydrated": Object {},
      "isLoading": Object {},
    },
    "sizes": Object {
      "error": Object {},
      "isLoading": Object {
        "11766695": false,
      },
    },
  },
}
`;
