// Jest Snapshot v1, https://goo.gl/fbAQLP

exports[`constants Should export CONSENT_KEYS 1`] = `
Array [
  "statistics",
  "marketing",
  "preferences",
]
`;

exports[`constants Should export DefaultConsentKeys 1`] = `
Object {
  "Marketing": "marketing",
  "Preferences": "preferences",
  "Statistics": "statistics",
}
`;

exports[`constants Should export PACKAGE_NAME 1`] = `"@farfetch/blackout-analytics"`;
