// Jest Snapshot v1, https://goo.gl/fbAQLP

exports[`useContentType should render with the state and selected content type 1`] = `
<div>
  <div
    data-test="contentType-container"
  >
    <h1
      data-test="contentType-title"
    >
      Career Page Title
    </h1>
    <div
      data-test="contentType-description"
    >
      &lt;p&gt;Here you can add some text to explain the Career&lt;/p&gt;
    </div>
  </div>
</div>
`;

exports[`useContentType should render with the state and selected content type and code 1`] = `
<div>
  <div
    data-test="contentType-container"
  >
    <h1
      data-test="contentType-title"
    >
      Career Page Title
    </h1>
    <div
      data-test="contentType-description"
    >
      &lt;p&gt;Here you can add some text to explain the Career&lt;/p&gt;
    </div>
  </div>
</div>
`;
