// Jest Snapshot v1, https://goo.gl/fbAQLP

exports[`createUserPersonalIdImage() action creator should create the correct actions for when the create user personal id image procedure is successful: create user personal id image success payload 1`] = `
Object {
  "payload": Object {
    "backImageId": "",
    "expiryDate": "",
    "frontImageId": "",
    "id": "",
    "isDefault": true,
    "maskedIdNumber": "",
    "maskedName": "",
    "verifyLevel": 1,
  },
  "type": "@farfetch/blackout-redux/CREATE_USER_PERSONAL_ID_IMAGE_SUCCESS",
}
`;
