// Jest Snapshot v1, https://goo.gl/fbAQLP

exports[`removeUserAddress() action creator should create the correct actions for when the delete user address procedure is successful: delete user address success payload 1`] = `
Object {
  "meta": Object {
    "addressId": "2222222",
  },
  "type": "@farfetch/blackout-redux/REMOVE_USER_ADDRESS_SUCCESS",
}
`;
