// Jest Snapshot v1, https://goo.gl/fbAQLP

exports[`createUserPersonalIds action creator should create the correct actions for when the create personal ids procedure is successful: create personal ids success payload 1`] = `
Object {
  "payload": Object {
    "backImageId": "string",
    "expiryDate": "string",
    "frontImageId": "string",
    "id": "string",
    "idNumber": "string",
    "name": "string",
  },
  "type": "@farfetch/blackout-client/CREATE_USER_PERSONAL_IDS_SUCCESS",
}
`;
