// Jest Snapshot v1, https://goo.gl/fbAQLP

exports[`doGetColorGrouping() action creator should create the correct actions for when the get color grouping procedure is successful: Get color grouping success payload 1`] = `
Object {
  "meta": Object {
    "number": 1,
  },
  "payload": Object {
    "entities": Object {
      "products": Object {
        "11766695": Object {
          "DEPRECATED_images": undefined,
          "colorGrouping": Array [
            Object {
              "entries": Array [
                Object {
                  "color": "9075 WHITE",
                  "digitalAssets": Array [
                    Object {
                      "displayOrder": 1,
                      "mediaType": "image/jpeg",
                      "order": 1,
                      "size": "54",
                      "sources": Object {
                        "54": "https://api.blackout.com/14/26/08/35/14260835_20007113_54.jpg",
                      },
                      "type": 0,
                      "url": "https://api.blackout.com/14/26/08/35/14260835_20007113_54.jpg",
                    },
                  ],
                  "hasStock": true,
                  "id": 14260832,
                  "isDefault": true,
                  "order": 1,
                  "slug": "woman-scarf-14260835",
                  "variantId": null,
                },
                Object {
                  "color": "9075 PINK",
                  "digitalAssets": Array [
                    Object {
                      "displayOrder": 1,
                      "mediaType": "image/jpeg",
                      "order": 1,
                      "size": "54",
                      "sources": Object {
                        "54": "https://api.blackout.com/14/26/08/34/14260834_20007111_54.jpg",
                      },
                      "type": 0,
                      "url": "https://api.blackout.com/14/26/08/34/14260834_20007111_54.jpg",
                    },
                  ],
                  "hasStock": true,
                  "id": 14260833,
                  "isDefault": null,
                  "order": 1,
                  "slug": "woman-scarf-14260834",
                  "variantId": null,
                },
              ],
              "number": 0,
              "totalItems": 2,
              "totalPages": 1,
            },
            Object {
              "entries": Array [
                Object {
                  "color": "9075 YELLOW",
                  "digitalAssets": Array [
                    Object {
                      "displayOrder": 1,
                      "mediaType": "image/jpeg",
                      "order": 1,
                      "size": "54",
                      "sources": Object {
                        "54": "https://api.blackout.com/14/26/08/35/14260835_20007113_54.jpg",
                      },
                      "type": 0,
                      "url": "https://api.blackout.com/14/26/08/35/14260835_20007113_54.jpg",
                    },
                  ],
                  "hasStock": true,
                  "id": 14260834,
                  "isDefault": true,
                  "order": 1,
                  "slug": "woman-scarf-14260835",
                  "variantId": null,
                },
                Object {
                  "color": "9075 BLACK",
                  "digitalAssets": Array [
                    Object {
                      "displayOrder": 1,
                      "mediaType": "image/jpeg",
                      "order": 1,
                      "size": "54",
                      "sources": Object {
                        "54": "https://api.blackout.com/14/26/08/34/14260834_20007111_54.jpg",
                      },
                      "type": 0,
                      "url": "https://api.blackout.com/14/26/08/34/14260834_20007111_54.jpg",
                    },
                  ],
                  "hasStock": true,
                  "id": 14260835,
                  "isDefault": null,
                  "order": 1,
                  "slug": "woman-scarf-14260834",
                  "variantId": null,
                },
              ],
              "number": 1,
              "totalItems": 2,
              "totalPages": 1,
            },
          ],
          "customAttributes": undefined,
          "groupedEntries": undefined,
          "grouping": undefined,
          "groupingProperties": undefined,
          "id": 11766695,
          "images": undefined,
          "merchant": undefined,
          "price": undefined,
          "prices": undefined,
          "sizes": undefined,
          "tag": Object {
            "id": undefined,
            "name": undefined,
          },
          "variants": undefined,
        },
      },
    },
    "productId": 11766695,
    "result": 11766695,
  },
  "type": "@farfetch/blackout-core/GET_COLOR_GROUPING_SUCCESS",
}
`;
