// Jest Snapshot v1, https://goo.gl/fbAQLP

exports[`getProductSizeguides should receive a client request error 1`] = `
Object {
  "code": -1,
  "message": "stub error",
  "status": 404,
}
`;
