// Jest Snapshot v1, https://goo.gl/fbAQLP

exports[`getGuestOrderDetails accsvc should receive a client request error 1`] = `
Object {
  "code": -1,
  "message": "stub error",
  "status": 404,
}
`;

exports[`getGuestOrderDetails legacy should receive a client request error 1`] = `
Object {
  "code": -1,
  "message": "stub error",
  "status": 404,
}
`;
