// Jest Snapshot v1, https://goo.gl/fbAQLP

exports[`fetchCredit action creator should create the correct actions for when the get credit procedure is successful with empty data: get credit success payload with empty data 1`] = `
Object {
  "payload": Object {
    "credit": Object {
      "currency": null,
      "formattedValue": null,
      "value": 0,
    },
  },
  "type": "@farfetch/blackout-client/FETCH_CREDIT_SUCCESS",
}
`;

exports[`fetchCredit action creator should create the correct actions for when the get credit procedure is successful: get credit success payload 1`] = `
Object {
  "payload": Object {
    "credit": Object {
      "currency": "GB",
      "formattedValue": "Â£50",
      "value": 50,
    },
  },
  "type": "@farfetch/blackout-client/FETCH_CREDIT_SUCCESS",
}
`;
