// Jest Snapshot v1, https://goo.gl/fbAQLP

exports[`doGetTracking() action creator should create the correct actions for when the get tracking procedure is successful: get tracking success payload 1`] = `
Object {
  "payload": Object {
    "entities": Object {
      "courier": Object {
        "2": Object {
          "id": 2,
          "name": "DHL",
        },
      },
      "labelTracking": Object {
        "4538009162": Object {
          "courier": 2,
          "estimatedDeliveryDate": "2019-05-24T22:59:00Z",
          "events": Array [
            Object {
              "code": "PU",
              "date": "2019-05-23T18:35:23Z",
              "description": "Shipment picked up",
              "location": "DOCKLANDS-GBR",
              "signatory": "",
            },
            Object {
              "code": "PL",
              "date": "2019-05-23T19:37:46Z",
              "description": "Processed at DOCKLANDS-GBR",
              "location": "DOCKLANDS-GBR",
              "signatory": "",
            },
            Object {
              "code": "PL",
              "date": "2019-05-23T19:48:16Z",
              "description": "Processed at DOCKLANDS-GBR",
              "location": "DOCKLANDS-GBR",
              "signatory": "",
            },
            Object {
              "code": "DF",
              "date": "2019-05-23T19:48:58Z",
              "description": "Departed Facility in DOCKLANDS-GBR",
              "location": "DOCKLANDS-GBR",
              "signatory": "",
            },
            Object {
              "code": "AF",
              "date": "2019-05-23T20:39:47Z",
              "description": "Arrived at Sort Facility LONDON-HEATHROW-GBR",
              "location": "LONDON-HEATHROW-GBR",
              "signatory": "",
            },
            Object {
              "code": "PL",
              "date": "2019-05-23T22:25:12Z",
              "description": "Processed at LONDON-HEATHROW-GBR",
              "location": "LONDON-HEATHROW-GBR",
              "signatory": "",
            },
            Object {
              "code": "DF",
              "date": "2019-05-24T04:34:12Z",
              "description": "Departed Facility in LONDON-HEATHROW-GBR",
              "location": "LONDON-HEATHROW-GBR",
              "signatory": "",
            },
            Object {
              "code": "AR",
              "date": "2019-05-24T06:22:13Z",
              "description": "Arrived at Delivery Facility in CITY OF LONDON-GBR",
              "location": "CITY OF LONDON-GBR",
              "signatory": "",
            },
          ],
          "isEstimatedDeliveryDateTrusworthy": false,
          "service": "DOMESTIC EXPRESS",
          "trackingNumber": "4538009162",
        },
        "4538009163": Object {
          "courier": 2,
          "estimatedDeliveryDate": "2019-05-24T22:59:00Z",
          "events": Array [
            Object {
              "code": "PU",
              "date": "2019-05-23T18:35:23Z",
              "description": "Shipment picked up",
              "location": "DOCKLANDS-GBR",
              "signatory": "",
            },
            Object {
              "code": "PL",
              "date": "2019-05-23T19:37:46Z",
              "description": "Processed at DOCKLANDS-GBR",
              "location": "DOCKLANDS-GBR",
              "signatory": "",
            },
            Object {
              "code": "PL",
              "date": "2019-05-23T19:48:16Z",
              "description": "Processed at DOCKLANDS-GBR",
              "location": "DOCKLANDS-GBR",
              "signatory": "",
            },
            Object {
              "code": "DF",
              "date": "2019-05-23T19:48:58Z",
              "description": "Departed Facility in DOCKLANDS-GBR",
              "location": "DOCKLANDS-GBR",
              "signatory": "",
            },
            Object {
              "code": "AF",
              "date": "2019-05-23T20:39:47Z",
              "description": "Arrived at Sort Facility LONDON-HEATHROW-GBR",
              "location": "LONDON-HEATHROW-GBR",
              "signatory": "",
            },
            Object {
              "code": "PL",
              "date": "2019-05-23T22:25:12Z",
              "description": "Processed at LONDON-HEATHROW-GBR",
              "location": "LONDON-HEATHROW-GBR",
              "signatory": "",
            },
            Object {
              "code": "DF",
              "date": "2019-05-24T04:34:12Z",
              "description": "Departed Facility in LONDON-HEATHROW-GBR",
              "location": "LONDON-HEATHROW-GBR",
              "signatory": "",
            },
            Object {
              "code": "AR",
              "date": "2019-05-24T06:22:13Z",
              "description": "Arrived at Delivery Facility in CITY OF LONDON-GBR",
              "location": "CITY OF LONDON-GBR",
              "signatory": "",
            },
          ],
          "isEstimatedDeliveryDateTrusworthy": false,
          "service": "DOMESTIC EXPRESS",
          "trackingNumber": "4538009163",
        },
      },
    },
    "result": Object {
      "entries": Array [
        Object {
          "estimatedDeliveryDate": "2019-05-24T22:59:00Z",
          "events": Array [
            Object {
              "date": "2019-05-23T18:35:23Z",
              "description": "Pickup",
              "type": "Pickup",
            },
          ],
          "labelTrackings": Array [
            "4538009162",
          ],
          "numberOfTrackings": 1,
          "parcels": 2,
          "pickupDate": "2019-05-23T18:35:23Z",
        },
        Object {
          "estimatedDeliveryDate": "2019-05-24T22:59:00Z",
          "events": Array [
            Object {
              "date": "2019-05-23T18:35:23Z",
              "description": "Pickup",
              "type": "Pickup",
            },
          ],
          "labelTrackings": Array [
            "4538009163",
          ],
          "numberOfTrackings": 1,
          "parcels": 2,
          "pickupDate": "2019-05-23T18:35:23Z",
        },
      ],
      "number": 1,
      "totalItems": 2,
      "totalPages": 1,
    },
  },
  "type": "@farfetch/blackout-client/GET_TRACKINGS_SUCCESS",
}
`;
