// Jest Snapshot v1, https://goo.gl/fbAQLP

exports[`fetchContent() action creator should create the correct actions for when the get content procedure is successful: Get content payload 1`] = `
Object {
  "meta": Object {
    "query": Object {
      "codes": "cttpage",
      "contentTypeCode": "pages",
      "environmentCode": "live",
      "spaceCode": "website",
    },
  },
  "payload": Object {
    "entities": Object {},
    "hash": "pages!cttpage",
    "result": Object {
      "entries": Array [
        "pages!cttpage",
      ],
      "hash": "pages!cttpage",
      "number": 1,
      "totalItems": 1,
      "totalPages": 1,
    },
  },
  "type": "@farfetch/blackout-redux/FETCH_CONTENT_SUCCESS",
}
`;
