// Jest Snapshot v1, https://goo.gl/fbAQLP

exports[`Should export EventType 1`] = `
Object {
  "AddressInfoAdded": "Address Info Added",
  "BillingInfoAdded": "Billing Info Added",
  "CheckoutAbandoned": "Checkout Abandoned",
  "CheckoutStarted": "Checkout Started",
  "CheckoutStepCompleted": "Checkout Step Completed",
  "CheckoutStepEditing": "Checkout Step Editing",
  "CheckoutStepViewed": "Checkout Step Viewed",
  "DeliveryMethodAdded": "Delivery Method Added",
  "FiltersApplied": "Filters Applied",
  "FiltersCleared": "Filters Cleared",
  "InteractContent": "Interact Content",
  "Login": "Login",
  "Logout": "Logout",
  "OrderCompleted": "Order Completed",
  "OrderRefunded": "Order Refunded",
  "PaymentInfoAdded": "Payment Info Added",
  "PlaceOrderFailed": "Place Order Failed",
  "PlaceOrderStarted": "Place Order Started",
  "ProductAddedToCart": "Product Added to Cart",
  "ProductAddedToWishlist": "Product Added to Wishlist",
  "ProductClicked": "Product Clicked",
  "ProductListViewed": "Product List Viewed",
  "ProductRemovedFromCart": "Product Removed from Cart",
  "ProductRemovedFromWishlist": "Product Removed From Wishlist",
  "ProductUpdated": "Product Updated",
  "ProductUpdatedWishlist": "Product Updated In Wishlist",
  "ProductViewed": "Product Viewed",
  "PromocodeApplied": "Promocode Applied",
  "ReviewCheckout": "Review Checkout",
  "SelectContent": "Select Content",
  "Share": "Share",
  "ShippingInfoAdded": "Shipping Info Added",
  "ShippingMethodAdded": "Shipping Method Added",
  "SignupFormCompleted": "Sign-up Form Completed",
  "SignupFormViewed": "Sign-up Form Viewed",
  "SignupNewsletter": "Sign-up Newsletter",
  "SitePerformance": "Site Performance",
}
`;
