// Jest Snapshot v1, https://goo.gl/fbAQLP

exports[`<Color /> should render properly 1`] = `
<div>
  <div>
    <span>
      Color (#000)
    </span>
    <div
      style="width: 20px; height: 20px; background-color: rgb(0, 0, 0);"
    />
  </div>
</div>
`;
