// Jest Snapshot v1, https://goo.gl/fbAQLP

exports[`charge() action creator should create the correct actions for when the charge procedure is successful: charge success payload 1`] = `
Object {
  "payload": Object {
    "cancelUrl": "some url",
    "id": "00000000-0000-0000-0000-000000000000",
    "redirectUrl": "some url",
    "returnUrl": "some url",
    "status": "Processing",
  },
  "type": "@farfetch/blackout-redux/CHARGE_SUCCESS",
}
`;
