// Jest Snapshot v1, https://goo.gl/fbAQLP

exports[`fetchCollectPoints() action creator should create the correct actions for when the fetch collect points procedure is successful: fetch collect points success payload 1`] = `
Object {
  "meta": Object {
    "id": 15338048,
  },
  "payload": Object {
    "entities": Object {
      "collectpoints": Array [
        Object {
          "businessDays": Array [
            Object {
              "hours": Array [
                Object {
                  "close": "17:00:00",
                  "open": "12:00:00",
                },
              ],
              "weekday": 0,
            },
          ],
          "clickAndCollect": Object {
            "collectPointId": 3195,
            "merchantLocationId": 10534,
          },
          "storeAddress": Object {
            "addressLine1": "19 Conduit Street",
            "addressLine2": "",
            "addressLine3": undefined,
            "city": Object {
              "countryId": 0,
              "id": 0,
              "name": "London",
              "stateId": undefined,
            },
            "country": Object {
              "alpha2Code": "GB",
              "alpha3Code": "GBR",
              "continentId": 3,
              "culture": "en-GB",
              "id": 215,
              "name": "United Kingdom",
              "nativeName": "United Kingdom",
              "region": "Europe",
              "regionId": 0,
              "subRegion": undefined,
              "subfolder": "/en-gb",
            },
            "ddd": undefined,
            "firstName": "ACME LONDON",
            "id": "00000000-0000-0000-0000-000000000000",
            "isCurrentBilling": false,
            "isCurrentShipping": false,
            "lastName": "",
            "location": Object {
              "componentTypeName": null,
              "latitude": "51.5121368",
              "longitude": "-0.14222780000000057",
              "name": null,
              "tag": null,
              "visualizationComponents": Object {},
            },
            "neighbourhood": undefined,
            "phone": "02074934667",
            "state": null,
            "userId": 0,
            "vatNumber": undefined,
            "zipCode": "W1S 2BH",
          },
        },
        Object {
          "businessDays": Array [
            Object {
              "hours": Array [
                Object {
                  "close": "18:00:00",
                  "open": "10:00:00",
                },
              ],
              "weekday": 1,
            },
          ],
          "clickAndCollect": Object {
            "collectPointId": 3196,
            "merchantLocationId": 10649,
          },
          "storeAddress": Object {
            "addressLine1": "833 Madison Avenue",
            "addressLine2": "",
            "addressLine3": undefined,
            "city": Object {
              "countryId": 0,
              "id": 0,
              "name": "New York",
              "stateId": undefined,
            },
            "country": Object {
              "alpha2Code": "US",
              "alpha3Code": "USA",
              "continentId": 5,
              "culture": "en-US",
              "id": 216,
              "name": "United States",
              "nativeName": "United States",
              "region": "The United States & Canada",
              "regionId": 0,
              "subRegion": undefined,
              "subfolder": "/en-us",
            },
            "ddd": undefined,
            "firstName": "ACME NEW YORK",
            "id": "00000000-0000-0000-0000-000000000000",
            "isCurrentBilling": false,
            "isCurrentShipping": false,
            "lastName": "",
            "location": Object {
              "componentTypeName": null,
              "latitude": "40.7700246",
              "longitude": "-73.96643059999997",
              "name": null,
              "tag": null,
              "visualizationComponents": Object {},
            },
            "neighbourhood": undefined,
            "phone": "+1 646 524 5401",
            "state": Object {
              "code": undefined,
              "countryId": 0,
              "id": 46,
              "name": "PT",
            },
            "userId": 0,
            "vatNumber": undefined,
            "zipCode": "10021",
          },
        },
      ],
    },
  },
  "type": "@farfetch/blackout-redux/FETCH_COLLECT_POINTS_SUCCESS",
}
`;
