// Jest Snapshot v1, https://goo.gl/fbAQLP

exports[`fetchRecentlyViewedProducts() action creator should create the correct actions for when the fetch recently viewed products procedure is successful: fetch recently viewed products success payload 1`] = `
Object {
  "payload": Object {
    "entries": Array [
      Object {
        "lastVisitDate": "2020-02-01T15:57:30.238Z",
        "productId": 22222222,
      },
      Object {
        "lastVisitDate": "2020-02-02T15:57:30.238Z",
        "productId": 11111111,
      },
    ],
    "number": 1,
    "totalItems": 1,
    "totalPages": 1,
  },
  "type": "@farfetch/blackout-redux/FETCH_RECENTLY_VIEWED_PRODUCTS_SUCCESS",
}
`;
