// Jest Snapshot v1, https://goo.gl/fbAQLP

exports[`createUserToken() action creator should create the correct actions for when the create user token procedure is successful: create user token success payload 1`] = `
Object {
  "payload": Object {
    "accessToken": "04b55bb7-f1af-4b45-aa10-5c4667a48936",
    "expiresIn": "1200",
    "refreshToken": "d5b4f8e72f652d9e048d7e5c75f1ec97bb9eeaec2b080497eba0965abc0ade4d",
  },
  "type": "@farfetch/blackout-redux/CREATE_USER_TOKEN_SUCCESS",
}
`;
