// Jest Snapshot v1, https://goo.gl/fbAQLP

exports[`doDeleteWishlistSet() action creator should create the correct actions for when the delete wishlist set procedure is successful: delete wishlist set success payload 1`] = `
Object {
  "meta": Object {
    "wishlistSetId": "77fae745-7608-4b7d-8e7d-4f6923e032ef",
  },
  "type": "@farfetch/blackout-core/DELETE_WISHLIST_SET_SUCCESS",
}
`;
