// Jest Snapshot v1, https://goo.gl/fbAQLP

exports[`doGetOrderAvailableItemsActivities() action creator should create the correct actions for when the get order available items activities procedure is successful: get order available items activities success payload 1`] = `
Object {
  "type": "@farfetch/blackout-core/GET_ORDER_AVAILABLE_ITEMS_ACTIVITIES_SUCCESS",
}
`;
