// Jest Snapshot v1, https://goo.gl/fbAQLP

exports[`doPostOrderShippingAddressChangeRequests() action creator should create the correct actions for when the post order document procedure is successful: post order document success payload 1`] = `
Object {
  "type": "@farfetch/blackout-core/POST_ORDER_SHIPPING_ADDRESS_CHANGE_REQUESTS_SUCCESS",
}
`;
